../Core/Src/main.c:72:6:HAL_CAN_RxFifo0MsgPendingCallback	56	static
../Core/Src/main.c:113:5:main	72	static
../Core/Src/main.c:209:6:SystemClock_Config	72	static
../Core/Src/main.c:246:13:MX_ADC2_Init	32	static
../Core/Src/main.c:330:13:MX_CAN_Init	8	static
../Core/Src/main.c:367:13:MX_USART2_UART_Init	8	static
../Core/Src/main.c:400:13:MX_DMA_Init	16	static
../Core/Src/main.c:418:13:MX_GPIO_Init	16	static
../Core/Src/main.c:432:5:_write	24	static
../Core/Src/main.c:443:6:Error_Handler	4	static,ignoring_inline_asm
