../Core/Src/main.c:85:6:HAL_CAN_RxFifo0MsgPendingCallback	48	static
../Core/Src/main.c:107:6:setTorque	24	static
../Core/Src/main.c:125:5:main	24	static
../Core/Src/main.c:212:6:SystemClock_Config	72	static
../Core/Src/main.c:249:13:MX_ADC2_Init	32	static
../Core/Src/main.c:333:13:MX_CAN_Init	8	static
../Core/Src/main.c:370:13:MX_USART2_UART_Init	8	static
../Core/Src/main.c:403:13:MX_DMA_Init	16	static
../Core/Src/main.c:421:13:MX_GPIO_Init	40	static
../Core/Src/main.c:447:5:_write	24	static
../Core/Src/main.c:458:6:Error_Handler	4	static,ignoring_inline_asm
