../Core/Src/main.c:72:6:HAL_CAN_RxFifo0MsgPendingCallback	56	static
../Core/Src/main.c:99:5:main	72	static
../Core/Src/main.c:193:6:SystemClock_Config	72	static
../Core/Src/main.c:230:13:MX_ADC2_Init	32	static
../Core/Src/main.c:314:13:MX_CAN_Init	8	static
../Core/Src/main.c:351:13:MX_USART2_UART_Init	8	static
../Core/Src/main.c:384:13:MX_DMA_Init	16	static
../Core/Src/main.c:402:13:MX_GPIO_Init	40	static
../Core/Src/main.c:423:5:_write	24	static
../Core/Src/main.c:434:6:Error_Handler	4	static,ignoring_inline_asm
