../Core/Src/main.c:72:6:HAL_CAN_RxFifo0MsgPendingCallback	56	static
../Core/Src/main.c:99:5:main	72	static
../Core/Src/main.c:195:6:SystemClock_Config	72	static
../Core/Src/main.c:232:13:MX_ADC2_Init	32	static
../Core/Src/main.c:316:13:MX_CAN_Init	8	static
../Core/Src/main.c:353:13:MX_USART2_UART_Init	8	static
../Core/Src/main.c:386:13:MX_DMA_Init	16	static
../Core/Src/main.c:404:13:MX_GPIO_Init	40	static
../Core/Src/main.c:425:5:_write	24	static
../Core/Src/main.c:436:6:Error_Handler	4	static,ignoring_inline_asm
