14:54:08 **** Incremental Build of configuration Debug for project F3_ControllRobomasu ****
make -j12 all 
arm-none-eabi-gcc "../Core/Src/main.c" -mcpu=cortex-m4 -std=gnu11 -g3 -DDEBUG -DUSE_HAL_DRIVER -DSTM32F303x8 -c -I../Core/Inc -I../Drivers/STM32F3xx_HAL_Driver/Inc -I../Drivers/STM32F3xx_HAL_Driver/Inc/Legacy -I../Drivers/CMSIS/Device/ST/STM32F3xx/Include -I../Drivers/CMSIS/Include -O0 -ffunction-sections -fdata-sections -Wall -fstack-usage -fcyclomatic-complexity -MMD -MP -MF"Core/Src/main.d" -MT"Core/Src/main.o" --specs=nano.specs -mfpu=fpv4-sp-d16 -mfloat-abi=hard -mthumb -o "Core/Src/main.o"
arm-none-eabi-gcc -o "F3_ControllRobomasu.elf" @"objects.list"   -mcpu=cortex-m4 -T"C:\Users\ohori\Creating\code\Github_Robomas_Test_Board\Robomasu_Test_Board\F3_ControllRobomasu\STM32F303K8TX_FLASH.ld" --specs=nosys.specs -Wl,-Map="F3_ControllRobomasu.map" -Wl,--gc-sections -static --specs=nano.specs -mfpu=fpv4-sp-d16 -mfloat-abi=hard -mthumb -Wl,--start-group -lc -lm -Wl,--end-group
Finished building target: F3_ControllRobomasu.elf
 
arm-none-eabi-size  F3_ControllRobomasu.elf 
arm-none-eabi-objdump -h -S F3_ControllRobomasu.elf  > "F3_ControllRobomasu.list"
   text	   data	    bss	    dec	    hex	filename
  24336	    104	   2384	  26824	   68c8	F3_ControllRobomasu.elf
Finished building: default.size.stdout
 
Finished building: F3_ControllRobomasu.list
 

14:54:10 Build Finished. 0 errors, 0 warnings. (took 1s.640ms)

