14:39:52 **** Incremental Build of configuration Debug for project RobomasuTestBoard_ControllRobomasu ****
make -j12 all 
arm-none-eabi-gcc "../Core/Src/main.c" -mcpu=cortex-m4 -std=gnu11 -g3 -DDEBUG -DUSE_HAL_DRIVER -DSTM32F303x8 -c -I../Core/Inc -I../Drivers/STM32F3xx_HAL_Driver/Inc -I../Drivers/STM32F3xx_HAL_Driver/Inc/Legacy -I../Drivers/CMSIS/Device/ST/STM32F3xx/Include -I../Drivers/CMSIS/Include -O0 -ffunction-sections -fdata-sections -Wall -fstack-usage -fcyclomatic-complexity -MMD -MP -MF"Core/Src/main.d" -MT"Core/Src/main.o" --specs=nano.specs -mfpu=fpv4-sp-d16 -mfloat-abi=hard -mthumb -o "Core/Src/main.o"
arm-none-eabi-gcc -o "RobomasuTestBoard_ControllRobomasu.elf" @"objects.list"   -mcpu=cortex-m4 -T"C:\Users\ohori\Creating\code\Github_Robomas_Test_Board\Robomasu_Test_Board\RobomasuTestBoard_ControllRobomasu\STM32F303K8TX_FLASH.ld" --specs=nosys.specs -Wl,-Map="RobomasuTestBoard_ControllRobomasu.map" -Wl,--gc-sections -static --specs=nano.specs -mfpu=fpv4-sp-d16 -mfloat-abi=hard -mthumb -Wl,--start-group -lc -lm -Wl,--end-group
Finished building target: RobomasuTestBoard_ControllRobomasu.elf
 
arm-none-eabi-size  RobomasuTestBoard_ControllRobomasu.elf 
arm-none-eabi-objdump -h -S RobomasuTestBoard_ControllRobomasu.elf  > "RobomasuTestBoard_ControllRobomasu.list"
   text	   data	    bss	    dec	    hex	filename
  19652	     12	   2068	  21732	   54e4	RobomasuTestBoard_ControllRobomasu.elf
Finished building: default.size.stdout
 
Finished building: RobomasuTestBoard_ControllRobomasu.list
 
14:40:27 **** Incremental Build of configuration Debug for project RobomasuTestBoard_ControllRobomasu ****
make -j12 all 
arm-none-eabi-size  RobomasuTestBoard_ControllRobomasu.elf 
   text	   data	    bss	    dec	    hex	filename
  19652	     12	   2068	  21732	   54e4	RobomasuTestBoard_ControllRobomasu.elf
Finished building: default.size.stdout
 
14:44:41 **** Incremental Build of configuration Debug for project RobomasuTestBoard_ControllRobomasu ****
make -j12 all 
arm-none-eabi-gcc "../Core/Src/main.c" -mcpu=cortex-m4 -std=gnu11 -g3 -DDEBUG -DUSE_HAL_DRIVER -DSTM32F303x8 -c -I../Core/Inc -I../Drivers/STM32F3xx_HAL_Driver/Inc -I../Drivers/STM32F3xx_HAL_Driver/Inc/Legacy -I../Drivers/CMSIS/Device/ST/STM32F3xx/Include -I../Drivers/CMSIS/Include -O0 -ffunction-sections -fdata-sections -Wall -fstack-usage -fcyclomatic-complexity -MMD -MP -MF"Core/Src/main.d" -MT"Core/Src/main.o" --specs=nano.specs -mfpu=fpv4-sp-d16 -mfloat-abi=hard -mthumb -o "Core/Src/main.o"
arm-none-eabi-gcc -o "RobomasuTestBoard_ControllRobomasu.elf" @"objects.list"   -mcpu=cortex-m4 -T"C:\Users\ohori\Creating\code\Github_Robomas_Test_Board\Robomasu_Test_Board\RobomasuTestBoard_ControllRobomasu\STM32F303K8TX_FLASH.ld" --specs=nosys.specs -Wl,-Map="RobomasuTestBoard_ControllRobomasu.map" -Wl,--gc-sections -static --specs=nano.specs -mfpu=fpv4-sp-d16 -mfloat-abi=hard -mthumb -Wl,--start-group -lc -lm -Wl,--end-group
Finished building target: RobomasuTestBoard_ControllRobomasu.elf
 
arm-none-eabi-size  RobomasuTestBoard_ControllRobomasu.elf 
arm-none-eabi-objdump -h -S RobomasuTestBoard_ControllRobomasu.elf  > "RobomasuTestBoard_ControllRobomasu.list"
   text	   data	    bss	    dec	    hex	filename
  19668	     12	   2068	  21748	   54f4	RobomasuTestBoard_ControllRobomasu.elf
Finished building: default.size.stdout
 
Finished building: RobomasuTestBoard_ControllRobomasu.list
 
